ramesh@LAPTOP-TUICCL85 MINGW64 /e/Amaresh/J Spiders/Github
$ git init
Initialized empty Git repository in E:/Amaresh/J Spiders/Github/.git/

ramesh@LAPTOP-TUICCL85 MINGW64 /e/Amaresh/J Spiders/Github (master)
$ git status
On branch master

No commits yet

Untracked files:
  (use "git add <file>..." to include in what will be committed)
        Hi.txt
        React notes.xlsx

nothing added to commit but untracked files present (use "git add" to track)

ramesh@LAPTOP-TUICCL85 MINGW64 /e/Amaresh/J Spiders/Github (master)
$ git add Hi.txt

ramesh@LAPTOP-TUICCL85 MINGW64 /e/Amaresh/J Spiders/Github (master)
$ git status
On branch master

No commits yet

Changes to be committed:
  (use "git rm --cached <file>..." to unstage)
        new file:   Hi.txt

Untracked files:
  (use "git add <file>..." to include in what will be committed)
        React notes.xlsx


ramesh@LAPTOP-TUICCL85 MINGW64 /e/Amaresh/J Spiders/Github (master)
$ git commit -m "hi"
[master (root-commit) 45d5f32] hi
 1 file changed, 1 insertion(+)
 create mode 100644 Hi.txt

ramesh@LAPTOP-TUICCL85 MINGW64 /e/Amaresh/J Spiders/Github (master)
$ git remote add origin https://github.com/Amaresh96/Demo.git

ramesh@LAPTOP-TUICCL85 MINGW64 /e/Amaresh/J Spiders/Github (master)
$ git push -u origin master
Enumerating objects: 3, done.
Counting objects: 100% (3/3), done.
Writing objects: 100% (3/3), 213 bytes | 71.00 KiB/s, done.
Total 3 (delta 0), reused 0 (delta 0), pack-reused 0
To https://github.com/Amaresh96/Demo.git
 * [new branch]      master -> master
branch 'master' set up to track 'origin/master'.

ramesh@LAPTOP-TUICCL85 MINGW64 /e/Amaresh/J Spiders/Github (master)
$ git add Re^C

ramesh@LAPTOP-TUICCL85 MINGW64 /e/Amaresh/J Spiders/Github (master)
$ git add React notes.xlsx
fatal: pathspec 'React' did not match any files

ramesh@LAPTOP-TUICCL85 MINGW64 /e/Amaresh/J Spiders/Github (master)
$ git add React notes.xlsx
fatal: pathspec 'React' did not match any files

ramesh@LAPTOP-TUICCL85 MINGW64 /e/Amaresh/J Spiders/Github (master)
$ git add "React notes.xlsx"

ramesh@LAPTOP-TUICCL85 MINGW64 /e/Amaresh/J Spiders/Github (master)
$ git status
On branch master
Your branch is up to date with 'origin/master'.

Changes to be committed:
  (use "git restore --staged <file>..." to unstage)
        new file:   React notes.xlsx


ramesh@LAPTOP-TUICCL85 MINGW64 /e/Amaresh/J Spiders/Github (master)
$ git commit -m "reactnotes"
[master de77658] reactnotes
 1 file changed, 0 insertions(+), 0 deletions(-)
 create mode 100644 React notes.xlsx

ramesh@LAPTOP-TUICCL85 MINGW64 /e/Amaresh/J Spiders/Github (master)
$ git remote add origin https://github.com/Amaresh96/Demo.git
error: remote origin already exists.

ramesh@LAPTOP-TUICCL85 MINGW64 /e/Amaresh/J Spiders/Github (master)
$ git push -u origin master
Enumerating objects: 4, done.
Counting objects: 100% (4/4), done.
Delta compression using up to 8 threads
Compressing objects: 100% (3/3), done.
Writing objects: 100% (3/3), 7.92 KiB | 1.98 MiB/s, done.
Total 3 (delta 0), reused 0 (delta 0), pack-reused 0
To https://github.com/Amaresh96/Demo.git
   45d5f32..de77658  master -> master
branch 'master' set up to track 'origin/master'.

ramesh@LAPTOP-TUICCL85 MINGW64 /e/Amaresh/J Spiders/Github (master)
$ git status
On branch master
Your branch is up to date with 'origin/master'.

nothing to commit, working tree clean

ramesh@LAPTOP-TUICCL85 MINGW64 /e/Amaresh/J Spiders/Github (master)
$
